// Jest Snapshot v1, https://goo.gl/fbAQLP

exports[`Pruebas en el Fab component Debe renderizar el componente correctamente 1`] = `
<div class="entry-container pb-3 p-2 pointer">
  <div class="entry-title d-flex"><span class="text-success fs-5 fw-bold">4</span><span class="mx-1 fs-5">Noviembre</span><span class="mx-2 fw-light">2022, Viernes</span></div>
  <div class="entry-description">Hola mundo</div>
</div>
`;
