// Jest Snapshot v1, https://goo.gl/fbAQLP

exports[`Pruebas en el Fab component Debe renderizar el componente correctamente 1`] = `<button class="btn btn-primary"><i class="fa fa-2x fa-plus"></i></button>`;
