// Jest Snapshot v1, https://goo.gl/fbAQLP

exports[`Pruebas en el Fab component Debe renderizar el componente correctamente 1`] = `
<div class="entry-title d-flex justify-content-between p-2">
  <div><span class="text-success fs-5 fw-bold">4</span><span class="mx-1 fs-5">Noviembre</span><span class="mx-2 fw-light">2022, Viernes</span></div>
  <div><input type="file" accept="image/png, image/jpeg" style="display: none;"><button type="button" class="btn btn-danger mx-2">Borrar<i class="fa fa-trash-alt ms-3"></i></button><button type="button" class="btn btn-primary">Subir Foto<i class="fa fa-upload ms-3"></i></button></div>
</div>
<div class="d-flex flex-column px-3"><textarea placeholder="¿Qué sucedió hoy?"></textarea></div>
<fab-stub icon="fa-save"></fab-stub>
<img class="img-thumbnail" src="https://res.cloudinary.com/dtkdrn7w2/image/upload/v1667599268/tqvw4gix5okwge6myknb.png" alt="Entry Picture">
<!--v-if-->
`;
